usage: va-cli listen [-h] [--config CONFIG] [--plugins-dir PLUGINS_DIR]
                     [--device DEVICE] [--frame FRAME] [--list-devices]
                     [--print-intents] [--say-ok]
                     [--exit-phrases [EXIT_PHRASES ...]]
va-cli listen: error: argument --device: invalid int value: 'pulse'
usage: va-cli [-h] [--url URL] {parse,reload-nlu,listen} ...
va-cli: error: unrecognized arguments: --url http://127.0.0.1:8000
usage: va-cli [-h] [--url URL] {parse,reload-nlu,listen} ...
va-cli: error: unrecognized arguments: --url http://127.0.0.1:8000
usage: va-cli [-h] [--url URL] {parse,reload-nlu,listen} ...
va-cli: error: unrecognized arguments: --url http://127.0.0.1:8000
usage: va-cli [-h] [--url URL] {parse,reload-nlu,listen} ...
va-cli: error: unrecognized arguments: --url http://127.0.0.1:8000
LOG (VoskAPI:ReadDataFiles():model.cc:213) Decoding params beam=13 max-active=7000 lattice-beam=6
LOG (VoskAPI:ReadDataFiles():model.cc:216) Silence phones 1:2:3:4:5
LOG (VoskAPI:RemoveOrphanNodes():nnet-nnet.cc:948) Removed 0 orphan nodes.
LOG (VoskAPI:RemoveOrphanComponents():nnet-nnet.cc:847) Removing 0 orphan components.
LOG (VoskAPI:ReadDataFiles():model.cc:248) Loading i-vector extractor from /home/devlad/PISUN/SayGex/Utils for my pc/jarvis/assistant/audio/models/vosk-model-uk-v3/ivector/final.ie
LOG (VoskAPI:ComputeDerivedVars():ivector-extractor.cc:183) Computing derived variables for iVector extractor
LOG (VoskAPI:ComputeDerivedVars():ivector-extractor.cc:204) Done.
LOG (VoskAPI:ReadDataFiles():model.cc:279) Loading HCLG from /home/devlad/PISUN/SayGex/Utils for my pc/jarvis/assistant/audio/models/vosk-model-uk-v3/graph/HCLG.fst
LOG (VoskAPI:ReadDataFiles():model.cc:297) Loading words from /home/devlad/PISUN/SayGex/Utils for my pc/jarvis/assistant/audio/models/vosk-model-uk-v3/graph/words.txt
LOG (VoskAPI:ReadDataFiles():model.cc:308) Loading winfo /home/devlad/PISUN/SayGex/Utils for my pc/jarvis/assistant/audio/models/vosk-model-uk-v3/graph/phones/word_boundary.int
LOG (VoskAPI:ReadDataFiles():model.cc:213) Decoding params beam=13 max-active=7000 lattice-beam=6
LOG (VoskAPI:ReadDataFiles():model.cc:216) Silence phones 1:2:3:4:5
LOG (VoskAPI:RemoveOrphanNodes():nnet-nnet.cc:948) Removed 0 orphan nodes.
LOG (VoskAPI:RemoveOrphanComponents():nnet-nnet.cc:847) Removing 0 orphan components.
LOG (VoskAPI:ReadDataFiles():model.cc:248) Loading i-vector extractor from /home/devlad/PISUN/SayGex/Utils for my pc/jarvis/assistant/audio/models/vosk-model-uk-v3/ivector/final.ie
LOG (VoskAPI:ComputeDerivedVars():ivector-extractor.cc:183) Computing derived variables for iVector extractor
LOG (VoskAPI:ComputeDerivedVars():ivector-extractor.cc:204) Done.
LOG (VoskAPI:ReadDataFiles():model.cc:279) Loading HCLG from /home/devlad/PISUN/SayGex/Utils for my pc/jarvis/assistant/audio/models/vosk-model-uk-v3/graph/HCLG.fst
LOG (VoskAPI:ReadDataFiles():model.cc:297) Loading words from /home/devlad/PISUN/SayGex/Utils for my pc/jarvis/assistant/audio/models/vosk-model-uk-v3/graph/words.txt
LOG (VoskAPI:ReadDataFiles():model.cc:308) Loading winfo /home/devlad/PISUN/SayGex/Utils for my pc/jarvis/assistant/audio/models/vosk-model-uk-v3/graph/phones/word_boundary.int
LOG (VoskAPI:ReadDataFiles():model.cc:213) Decoding params beam=13 max-active=7000 lattice-beam=6
LOG (VoskAPI:ReadDataFiles():model.cc:216) Silence phones 1:2:3:4:5
LOG (VoskAPI:RemoveOrphanNodes():nnet-nnet.cc:948) Removed 0 orphan nodes.
LOG (VoskAPI:RemoveOrphanComponents():nnet-nnet.cc:847) Removing 0 orphan components.
LOG (VoskAPI:ReadDataFiles():model.cc:248) Loading i-vector extractor from /home/devlad/PISUN/SayGex/Utils for my pc/jarvis/assistant/audio/models/vosk-model-uk-v3/ivector/final.ie
LOG (VoskAPI:ComputeDerivedVars():ivector-extractor.cc:183) Computing derived variables for iVector extractor
LOG (VoskAPI:ComputeDerivedVars():ivector-extractor.cc:204) Done.
LOG (VoskAPI:ReadDataFiles():model.cc:279) Loading HCLG from /home/devlad/PISUN/SayGex/Utils for my pc/jarvis/assistant/audio/models/vosk-model-uk-v3/graph/HCLG.fst
LOG (VoskAPI:ReadDataFiles():model.cc:297) Loading words from /home/devlad/PISUN/SayGex/Utils for my pc/jarvis/assistant/audio/models/vosk-model-uk-v3/graph/words.txt
LOG (VoskAPI:ReadDataFiles():model.cc:308) Loading winfo /home/devlad/PISUN/SayGex/Utils for my pc/jarvis/assistant/audio/models/vosk-model-uk-v3/graph/phones/word_boundary.int
LOG (VoskAPI:ReadDataFiles():model.cc:213) Decoding params beam=13 max-active=7000 lattice-beam=6
LOG (VoskAPI:ReadDataFiles():model.cc:216) Silence phones 1:2:3:4:5
LOG (VoskAPI:RemoveOrphanNodes():nnet-nnet.cc:948) Removed 0 orphan nodes.
LOG (VoskAPI:RemoveOrphanComponents():nnet-nnet.cc:847) Removing 0 orphan components.
LOG (VoskAPI:ReadDataFiles():model.cc:248) Loading i-vector extractor from /home/devlad/PISUN/SayGex/Utils for my pc/jarvis/assistant/audio/models/vosk-model-uk-v3/ivector/final.ie
LOG (VoskAPI:ComputeDerivedVars():ivector-extractor.cc:183) Computing derived variables for iVector extractor
LOG (VoskAPI:ComputeDerivedVars():ivector-extractor.cc:204) Done.
LOG (VoskAPI:ReadDataFiles():model.cc:279) Loading HCLG from /home/devlad/PISUN/SayGex/Utils for my pc/jarvis/assistant/audio/models/vosk-model-uk-v3/graph/HCLG.fst
LOG (VoskAPI:ReadDataFiles():model.cc:297) Loading words from /home/devlad/PISUN/SayGex/Utils for my pc/jarvis/assistant/audio/models/vosk-model-uk-v3/graph/words.txt
LOG (VoskAPI:ReadDataFiles():model.cc:308) Loading winfo /home/devlad/PISUN/SayGex/Utils for my pc/jarvis/assistant/audio/models/vosk-model-uk-v3/graph/phones/word_boundary.int
LOG (VoskAPI:ReadDataFiles():model.cc:213) Decoding params beam=13 max-active=7000 lattice-beam=6
LOG (VoskAPI:ReadDataFiles():model.cc:216) Silence phones 1:2:3:4:5
LOG (VoskAPI:RemoveOrphanNodes():nnet-nnet.cc:948) Removed 0 orphan nodes.
LOG (VoskAPI:RemoveOrphanComponents():nnet-nnet.cc:847) Removing 0 orphan components.
LOG (VoskAPI:ReadDataFiles():model.cc:248) Loading i-vector extractor from /home/devlad/PISUN/SayGex/Utils for my pc/jarvis/assistant/audio/models/vosk-model-uk-v3/ivector/final.ie
LOG (VoskAPI:ComputeDerivedVars():ivector-extractor.cc:183) Computing derived variables for iVector extractor
LOG (VoskAPI:ComputeDerivedVars():ivector-extractor.cc:204) Done.
LOG (VoskAPI:ReadDataFiles():model.cc:279) Loading HCLG from /home/devlad/PISUN/SayGex/Utils for my pc/jarvis/assistant/audio/models/vosk-model-uk-v3/graph/HCLG.fst
LOG (VoskAPI:ReadDataFiles():model.cc:297) Loading words from /home/devlad/PISUN/SayGex/Utils for my pc/jarvis/assistant/audio/models/vosk-model-uk-v3/graph/words.txt
LOG (VoskAPI:ReadDataFiles():model.cc:308) Loading winfo /home/devlad/PISUN/SayGex/Utils for my pc/jarvis/assistant/audio/models/vosk-model-uk-v3/graph/phones/word_boundary.int
LOG (VoskAPI:ReadDataFiles():model.cc:213) Decoding params beam=13 max-active=7000 lattice-beam=6
LOG (VoskAPI:ReadDataFiles():model.cc:216) Silence phones 1:2:3:4:5
LOG (VoskAPI:RemoveOrphanNodes():nnet-nnet.cc:948) Removed 0 orphan nodes.
LOG (VoskAPI:RemoveOrphanComponents():nnet-nnet.cc:847) Removing 0 orphan components.
LOG (VoskAPI:ReadDataFiles():model.cc:248) Loading i-vector extractor from /home/devlad/PISUN/SayGex/Utils for my pc/jarvis/assistant/audio/models/vosk-model-uk-v3/ivector/final.ie
LOG (VoskAPI:ComputeDerivedVars():ivector-extractor.cc:183) Computing derived variables for iVector extractor
LOG (VoskAPI:ComputeDerivedVars():ivector-extractor.cc:204) Done.
LOG (VoskAPI:ReadDataFiles():model.cc:279) Loading HCLG from /home/devlad/PISUN/SayGex/Utils for my pc/jarvis/assistant/audio/models/vosk-model-uk-v3/graph/HCLG.fst
LOG (VoskAPI:ReadDataFiles():model.cc:297) Loading words from /home/devlad/PISUN/SayGex/Utils for my pc/jarvis/assistant/audio/models/vosk-model-uk-v3/graph/words.txt
LOG (VoskAPI:ReadDataFiles():model.cc:308) Loading winfo /home/devlad/PISUN/SayGex/Utils for my pc/jarvis/assistant/audio/models/vosk-model-uk-v3/graph/phones/word_boundary.int
LOG (VoskAPI:ReadDataFiles():model.cc:213) Decoding params beam=13 max-active=7000 lattice-beam=6
LOG (VoskAPI:ReadDataFiles():model.cc:216) Silence phones 1:2:3:4:5
LOG (VoskAPI:RemoveOrphanNodes():nnet-nnet.cc:948) Removed 0 orphan nodes.
LOG (VoskAPI:RemoveOrphanComponents():nnet-nnet.cc:847) Removing 0 orphan components.
LOG (VoskAPI:ReadDataFiles():model.cc:248) Loading i-vector extractor from /home/devlad/PISUN/SayGex/Utils for my pc/jarvis/assistant/audio/models/vosk-model-uk-v3/ivector/final.ie
LOG (VoskAPI:ComputeDerivedVars():ivector-extractor.cc:183) Computing derived variables for iVector extractor
LOG (VoskAPI:ComputeDerivedVars():ivector-extractor.cc:204) Done.
LOG (VoskAPI:ReadDataFiles():model.cc:279) Loading HCLG from /home/devlad/PISUN/SayGex/Utils for my pc/jarvis/assistant/audio/models/vosk-model-uk-v3/graph/HCLG.fst
LOG (VoskAPI:ReadDataFiles():model.cc:297) Loading words from /home/devlad/PISUN/SayGex/Utils for my pc/jarvis/assistant/audio/models/vosk-model-uk-v3/graph/words.txt
LOG (VoskAPI:ReadDataFiles():model.cc:308) Loading winfo /home/devlad/PISUN/SayGex/Utils for my pc/jarvis/assistant/audio/models/vosk-model-uk-v3/graph/phones/word_boundary.int
LOG (VoskAPI:ReadDataFiles():model.cc:213) Decoding params beam=13 max-active=7000 lattice-beam=6
LOG (VoskAPI:ReadDataFiles():model.cc:216) Silence phones 1:2:3:4:5
LOG (VoskAPI:RemoveOrphanNodes():nnet-nnet.cc:948) Removed 0 orphan nodes.
LOG (VoskAPI:RemoveOrphanComponents():nnet-nnet.cc:847) Removing 0 orphan components.
LOG (VoskAPI:ReadDataFiles():model.cc:248) Loading i-vector extractor from /home/devlad/PISUN/SayGex/Utils for my pc/jarvis/assistant/audio/models/vosk-model-uk-v3/ivector/final.ie
LOG (VoskAPI:ComputeDerivedVars():ivector-extractor.cc:183) Computing derived variables for iVector extractor
LOG (VoskAPI:ComputeDerivedVars():ivector-extractor.cc:204) Done.
LOG (VoskAPI:ReadDataFiles():model.cc:279) Loading HCLG from /home/devlad/PISUN/SayGex/Utils for my pc/jarvis/assistant/audio/models/vosk-model-uk-v3/graph/HCLG.fst
LOG (VoskAPI:ReadDataFiles():model.cc:297) Loading words from /home/devlad/PISUN/SayGex/Utils for my pc/jarvis/assistant/audio/models/vosk-model-uk-v3/graph/words.txt
LOG (VoskAPI:ReadDataFiles():model.cc:308) Loading winfo /home/devlad/PISUN/SayGex/Utils for my pc/jarvis/assistant/audio/models/vosk-model-uk-v3/graph/phones/word_boundary.int
