2025-10-20 10:53:34.485 | ERROR    | assistant.telemetry.log:error:136 - {'ok': False, 'error': 'no_intent'}
2025-10-20 10:54:54.910 | ERROR    | assistant.telemetry.log:error:136 - {'ok': False, 'error': 'no_intent'}
2025-10-20 10:55:05.481 | ERROR    | assistant.telemetry.log:error:136 - {'ok': False, 'error': 'no_intent'}
2025-10-20 11:01:19.027 | ERROR    | assistant.telemetry.log:error:136 - {'ok': False, 'intent': 'app.open', 'slots': {'app': 'Telegram'}, 'confidence': 1.0, 'action': {'ok': False, 'error': 'app_not_found', 'value': 'Telegram', 'debug': {'strategy': None, 'tried': []}}}
2025-10-20 11:01:33.760 | ERROR    | assistant.telemetry.log:error:136 - {'ok': False, 'intent': 'app.open', 'slots': {'app': 'Telegram'}, 'confidence': 1.0, 'action': {'ok': False, 'error': 'app_not_found', 'value': 'Telegram', 'debug': {'strategy': None, 'tried': []}}}
2025-10-20 11:02:42.240 | ERROR    | assistant.telemetry.log:error:136 - {'ok': False, 'intent': 'app.open', 'slots': {'app': 'obsidian'}, 'confidence': 1.0, 'action': {'ok': False, 'error': 'app_not_found', 'value': 'obsidian', 'debug': {'strategy': None, 'tried': []}}}
2025-10-20 11:05:13.205 | ERROR    | assistant.telemetry.log:error:136 - {'ok': False, 'intent': 'app.open', 'slots': {'app': 'Telegram'}, 'confidence': 1.0, 'action': {'ok': False, 'error': 'app_not_found', 'value': 'Telegram', 'debug': {'strategy': None, 'tried': []}}}
2025-10-20 11:10:41.170 | ERROR    | assistant.telemetry.log:error:136 - {'ok': False, 'intent': 'app.open', 'slots': {'app': 'Telegram'}, 'confidence': 1.0, 'action': {'ok': False, 'error': 'app_not_found', 'value': 'Telegram', 'debug': {'strategy': None, 'tried': []}}}
2025-10-20 11:13:09.134 | ERROR    | assistant.telemetry.log:error:136 - {'ok': False, 'intent': 'app.open', 'slots': {'app': 'Telegram'}, 'confidence': 1.0, 'action': {'ok': False, 'error': 'app_not_found', 'value': 'Telegram', 'debug': {'strategy': None, 'tried': []}}}
2025-10-20 11:19:05.741 | ERROR    | assistant.telemetry.log:error:136 - {'ok': False, 'intent': 'app.open', 'slots': {'app': 'roblox'}, 'confidence': 1.0, 'action': {'ok': False, 'error': 'app_not_found', 'value': 'roblox', 'debug': {'strategy': None, 'tried': []}}}
2025-10-22 20:12:46.267 | ERROR    | assistant.telemetry.log:error:136 - {'ok': False, 'intent': 'app.open', 'slots': {'app': 'surprise'}, 'confidence': 1.0, 'action': {'ok': False, 'error': 'app_not_found', 'value': 'surprise', 'debug': {'strategy': None, 'tried': []}}}
2025-10-23 20:57:01.757 | ERROR    | assistant.telemetry.log:error:136 - {'ok': False, 'error': 'no_intent'}
2025-10-24 12:06:15.897 | ERROR    | assistant.telemetry.log:error:136 - {'ok': False, 'error': 'no_intent'}
2025-10-24 12:06:21.860 | ERROR    | assistant.telemetry.log:error:136 - {'ok': False, 'error': 'no_intent'}
2025-10-24 12:06:28.017 | ERROR    | assistant.telemetry.log:error:136 - {'ok': False, 'error': 'no_intent'}
2025-10-24 12:06:35.103 | ERROR    | assistant.telemetry.log:error:136 - {'ok': False, 'error': 'no_intent'}
2025-10-24 12:06:42.711 | ERROR    | assistant.telemetry.log:error:136 - {'ok': False, 'error': 'no_intent'}
2025-10-24 12:35:29.446 | ERROR    | assistant.telemetry.log:error:136 - {'ok': False, 'error': 'no_intent', 'confidence': 0.0}
2025-10-24 12:35:34.128 | ERROR    | assistant.telemetry.log:error:136 - {'ok': False, 'error': 'no_intent', 'confidence': 0.0}
2025-10-24 12:35:39.287 | ERROR    | assistant.telemetry.log:error:136 - {'ok': False, 'error': 'no_intent', 'confidence': 0.0}
2025-10-24 12:35:44.220 | ERROR    | assistant.telemetry.log:error:136 - {'ok': False, 'error': 'no_intent', 'confidence': 0.0}
2025-10-24 12:37:13.420 | ERROR    | assistant.telemetry.log:error:136 - {'ok': False, 'error': 'no_intent', 'confidence': 0.0}
2025-10-24 13:25:19.139 | ERROR    | assistant.telemetry.log:error:136 - {'ok': False, 'error': 'no_intent'}
2025-10-24 13:25:23.845 | ERROR    | assistant.telemetry.log:error:136 - {'ok': False, 'error': 'no_intent'}
2025-10-24 13:25:29.108 | ERROR    | assistant.telemetry.log:error:136 - {'ok': False, 'error': 'no_intent'}
2025-10-24 13:25:32.673 | ERROR    | assistant.telemetry.log:error:136 - {'ok': False, 'error': 'no_intent'}
2025-10-24 13:25:34.454 | ERROR    | assistant.telemetry.log:error:136 - {'ok': False, 'error': 'no_intent'}
2025-10-24 13:25:38.353 | ERROR    | assistant.telemetry.log:error:136 - {'ok': False, 'error': 'no_intent'}
2025-10-24 13:32:41.453 | ERROR    | assistant.telemetry.log:error:136 - {'ok': False, 'error': 'no_intent'}
2025-10-24 13:32:46.535 | ERROR    | assistant.telemetry.log:error:136 - {'ok': False, 'error': 'no_intent'}
2025-10-24 13:33:07.214 | ERROR    | assistant.telemetry.log:error:136 - {'ok': False, 'error': 'no_intent'}
2025-10-24 13:33:14.940 | ERROR    | assistant.telemetry.log:error:136 - {'ok': False, 'intent': 'app.open', 'slots': {'app': 'україна'}, 'confidence': 1.0, 'action': {'ok': False, 'error': 'app_not_found', 'value': 'україна', 'debug': {'strategy': None, 'tried': []}}}
2025-10-24 13:33:25.026 | ERROR    | assistant.telemetry.log:error:136 - {'ok': False, 'error': 'no_intent'}
2025-10-24 13:35:05.325 | ERROR    | assistant.telemetry.log:error:136 - {'ok': False, 'error': 'no_intent'}
2025-10-24 13:35:08.977 | ERROR    | assistant.telemetry.log:error:136 - {'ok': False, 'error': 'no_intent'}
2025-10-24 13:36:03.097 | ERROR    | assistant.telemetry.log:error:136 - {'ok': False, 'error': 'no_intent'}
2025-10-24 13:36:13.439 | ERROR    | assistant.telemetry.log:error:136 - {'ok': False, 'error': 'no_intent'}
2025-10-24 13:40:14.460 | ERROR    | assistant.telemetry.log:error:136 - {'ok': False, 'error': 'no_intent'}
2025-10-24 13:40:18.507 | ERROR    | assistant.telemetry.log:error:136 - {'ok': False, 'error': 'no_intent'}
2025-10-24 13:40:23.330 | ERROR    | assistant.telemetry.log:error:136 - {'ok': False, 'error': 'no_intent'}
2025-10-24 13:40:33.408 | ERROR    | assistant.telemetry.log:error:136 - {'ok': False, 'error': 'no_intent'}
2025-10-24 13:40:37.662 | ERROR    | assistant.telemetry.log:error:136 - {'ok': False, 'error': 'no_intent'}
2025-10-24 14:09:31.556 | ERROR    | assistant.telemetry.log:error:136 - {'ok': False, 'error': 'no_intent'}
2025-10-24 14:09:35.881 | ERROR    | assistant.telemetry.log:error:136 - {'ok': False, 'error': 'no_intent'}
2025-10-24 14:09:39.717 | ERROR    | assistant.telemetry.log:error:136 - {'ok': False, 'error': 'no_intent'}
2025-10-24 14:09:44.331 | ERROR    | assistant.telemetry.log:error:136 - {'ok': False, 'intent': 'app.open', 'slots': {'app': 'теле'}, 'confidence': 1.0, 'action': {'ok': False, 'error': 'app_not_found', 'value': 'теле', 'debug': {'strategy': None, 'tried': []}}}
2025-10-24 14:09:54.884 | ERROR    | assistant.telemetry.log:error:136 - {'ok': False, 'error': 'no_intent'}
2025-10-24 14:09:59.403 | ERROR    | assistant.telemetry.log:error:136 - {'ok': False, 'intent': 'app.open', 'slots': {}, 'confidence': 1.0, 'action': {'ok': False, 'error': 'missing_value'}}
2025-10-24 14:10:02.752 | ERROR    | assistant.telemetry.log:error:136 - {'ok': False, 'error': 'no_intent'}
2025-10-24 19:51:43.344 | ERROR    | assistant.telemetry.log:error:136 - {'ok': False, 'error': 'no_intent'}
2025-10-24 19:51:47.571 | ERROR    | assistant.telemetry.log:error:136 - {'ok': False, 'error': 'no_intent'}
2025-10-24 19:55:36.720 | ERROR    | assistant.telemetry.log:error:136 - {'ok': False, 'error': 'no_intent'}
2025-10-24 19:55:41.507 | ERROR    | assistant.telemetry.log:error:136 - {'ok': False, 'error': 'no_intent'}
2025-10-24 19:55:53.200 | ERROR    | assistant.telemetry.log:error:136 - {'ok': False, 'intent': 'app.open', 'slots': {}, 'confidence': 1.0, 'action': {'ok': False, 'error': 'missing_value'}}
2025-10-24 19:56:11.965 | ERROR    | assistant.telemetry.log:error:136 - {'ok': False, 'error': 'no_intent'}
2025-10-24 19:56:16.562 | ERROR    | assistant.telemetry.log:error:136 - {'ok': False, 'intent': 'app.open', 'slots': {'app': 'та вагу'}, 'confidence': 1.0, 'action': {'ok': False, 'error': 'app_not_found', 'value': 'та вагу', 'debug': {'strategy': None, 'tried': []}}}
2025-10-24 19:56:27.774 | ERROR    | assistant.telemetry.log:error:136 - {'ok': False, 'error': 'no_intent'}
2025-10-24 19:56:32.103 | ERROR    | assistant.telemetry.log:error:136 - {'ok': False, 'intent': 'app.open', 'slots': {}, 'confidence': 1.0, 'action': {'ok': False, 'error': 'missing_value'}}
2025-10-24 19:56:33.306 | ERROR    | assistant.telemetry.log:error:136 - {'ok': False, 'error': 'no_intent'}
2025-10-24 19:56:52.749 | ERROR    | assistant.telemetry.log:error:136 - {'ok': False, 'intent': 'app.open', 'slots': {'app': 'і тут'}, 'confidence': 1.0, 'action': {'ok': False, 'error': 'app_not_found', 'value': 'і тут', 'debug': {'strategy': None, 'tried': []}}}
2025-10-24 19:56:57.509 | ERROR    | assistant.telemetry.log:error:136 - {'ok': False, 'intent': 'app.open', 'slots': {'app': 'і дуб'}, 'confidence': 1.0, 'action': {'ok': False, 'error': 'app_not_found', 'value': 'і дуб', 'debug': {'strategy': None, 'tried': []}}}
2025-10-24 19:57:01.580 | ERROR    | assistant.telemetry.log:error:136 - {'ok': False, 'error': 'no_intent'}
2025-10-24 19:57:10.322 | ERROR    | assistant.telemetry.log:error:136 - {'ok': False, 'error': 'no_intent'}
2025-10-24 19:57:23.737 | ERROR    | assistant.telemetry.log:error:136 - {'ok': False, 'error': 'no_intent'}
2025-10-24 19:57:45.764 | ERROR    | assistant.telemetry.log:error:136 - {'ok': False, 'error': 'no_intent'}
2025-10-24 19:57:59.035 | ERROR    | assistant.telemetry.log:error:136 - {'ok': False, 'error': 'no_intent'}
2025-10-24 19:58:03.816 | ERROR    | assistant.telemetry.log:error:136 - {'ok': False, 'error': 'no_intent'}
2025-10-24 19:58:07.898 | ERROR    | assistant.telemetry.log:error:136 - {'ok': False, 'error': 'no_intent'}
2025-10-24 19:58:18.882 | ERROR    | assistant.telemetry.log:error:136 - {'ok': False, 'error': 'no_intent'}
2025-10-24 19:59:54.369 | ERROR    | assistant.telemetry.log:error:136 - {'ok': False, 'error': 'no_intent'}
2025-10-24 20:00:04.626 | ERROR    | assistant.telemetry.log:error:136 - {'ok': False, 'intent': 'app.open', 'slots': {}, 'confidence': 1.0, 'action': {'ok': False, 'error': 'missing_value'}}
2025-10-24 20:00:08.952 | ERROR    | assistant.telemetry.log:error:136 - {'ok': False, 'intent': 'app.open', 'slots': {'app': 'ваграм'}, 'confidence': 1.0, 'action': {'ok': False, 'error': 'app_not_found', 'value': 'ваграм', 'debug': {'strategy': None, 'tried': []}}}
2025-10-24 20:16:35.183 | ERROR    | assistant.telemetry.log:error:136 - {'ok': False, 'error': 'no_intent'}
2025-10-24 20:16:40.622 | ERROR    | assistant.telemetry.log:error:136 - {'ok': False, 'intent': 'app.open', 'slots': {'app': 'телеграф'}, 'confidence': 1.0, 'action': {'ok': False, 'error': 'app_not_found', 'value': 'телеграф', 'debug': {'strategy': None, 'tried': []}}}
2025-10-24 20:19:13.342 | ERROR    | assistant.telemetry.log:error:136 - {'ok': False, 'error': 'no_intent'}
2025-10-24 20:19:19.508 | ERROR    | assistant.telemetry.log:error:136 - {'ok': False, 'error': 'no_intent'}
2025-10-24 20:19:35.642 | ERROR    | assistant.telemetry.log:error:136 - {'ok': False, 'error': 'no_intent'}
2025-10-24 20:19:51.701 | ERROR    | assistant.telemetry.log:error:136 - {'ok': False, 'error': 'no_intent'}
2025-10-24 20:19:58.437 | ERROR    | assistant.telemetry.log:error:136 - {'ok': False, 'intent': 'app.open', 'slots': {}, 'confidence': 0.875, 'action': {'ok': False, 'error': 'missing_value'}}
2025-10-24 20:20:10.930 | ERROR    | assistant.telemetry.log:error:136 - {'ok': False, 'intent': 'app.open', 'slots': {'app': 'храм'}, 'confidence': 1.0, 'action': {'ok': False, 'error': 'app_not_found', 'value': 'храм', 'debug': {'strategy': None, 'tried': []}}}
2025-10-24 20:20:23.332 | ERROR    | assistant.telemetry.log:error:136 - {'ok': False, 'error': 'no_intent'}
2025-10-24 20:20:28.003 | ERROR    | assistant.telemetry.log:error:136 - {'ok': False, 'intent': 'app.open', 'slots': {}, 'confidence': 1.0, 'action': {'ok': False, 'error': 'missing_value'}}
2025-10-24 20:20:29.132 | ERROR    | assistant.telemetry.log:error:136 - {'ok': False, 'error': 'no_intent'}
2025-10-24 20:20:34.116 | ERROR    | assistant.telemetry.log:error:136 - {'ok': False, 'intent': 'app.open', 'slots': {'app': 'телеграф'}, 'confidence': 1.0, 'action': {'ok': False, 'error': 'app_not_found', 'value': 'телеграф', 'debug': {'strategy': None, 'tried': []}}}
2025-10-24 20:21:23.439 | ERROR    | assistant.telemetry.log:error:136 - {'ok': False, 'error': 'no_intent'}
2025-10-24 20:21:27.506 | ERROR    | assistant.telemetry.log:error:136 - {'ok': False, 'intent': 'app.open', 'slots': {}, 'confidence': 1.0, 'action': {'ok': False, 'error': 'missing_value'}}
2025-10-24 20:21:35.944 | ERROR    | assistant.telemetry.log:error:136 - {'ok': False, 'intent': 'app.open', 'slots': {'app': 'храм'}, 'confidence': 1.0, 'action': {'ok': False, 'error': 'app_not_found', 'value': 'храм', 'debug': {'strategy': None, 'tried': []}}}
2025-10-24 20:22:27.712 | ERROR    | assistant.telemetry.log:error:136 - {'ok': False, 'intent': 'app.open', 'slots': {}, 'confidence': 1.0, 'action': {'ok': False, 'error': 'missing_value'}}
2025-10-24 20:22:35.888 | ERROR    | assistant.telemetry.log:error:136 - {'ok': False, 'intent': 'app.open', 'slots': {'app': 'храм'}, 'confidence': 1.0, 'action': {'ok': False, 'error': 'app_not_found', 'value': 'храм', 'debug': {'strategy': None, 'tried': []}}}
2025-10-24 20:23:58.192 | ERROR    | assistant.telemetry.log:error:136 - {'ok': False, 'error': 'no_intent'}
2025-10-24 20:24:47.772 | ERROR    | assistant.telemetry.log:error:136 - {'ok': False, 'intent': 'app.open', 'slots': {}, 'confidence': 0.782608695652174, 'action': {'ok': False, 'error': 'missing_value'}}
2025-10-24 20:25:40.010 | ERROR    | assistant.telemetry.log:error:136 - {'ok': False, 'intent': 'app.open', 'slots': {}, 'confidence': 0.6923076923076923, 'action': {'ok': False, 'error': 'missing_value'}}
2025-10-24 20:26:37.037 | ERROR    | assistant.telemetry.log:error:136 - {'ok': False, 'intent': 'app.open', 'slots': {'app': 'на грам'}, 'confidence': 0.7096774193548387, 'action': {'ok': False, 'error': 'app_not_found', 'value': 'на грам', 'debug': {'strategy': None, 'tried': []}}}
2025-10-24 20:27:47.488 | ERROR    | assistant.telemetry.log:error:136 - {'ok': False, 'error': 'no_intent'}
2025-10-24 20:28:00.918 | ERROR    | assistant.telemetry.log:error:136 - {'ok': False, 'intent': 'app.open', 'slots': {'app': 'легран'}, 'confidence': 0.72, 'action': {'ok': False, 'error': 'app_not_found', 'value': 'легран', 'debug': {'strategy': None, 'tried': []}}}
2025-10-24 20:36:28.170 | ERROR    | assistant.telemetry.log:error:136 - {'ok': False, 'intent': 'app.open', 'slots': {'app': 'легран'}, 'confidence': 0.72, 'action': {'ok': False, 'error': 'app_not_found', 'value': 'легран', 'debug': {'strategy': None, 'tried': []}}}
2025-10-24 20:36:47.692 | ERROR    | assistant.telemetry.log:error:136 - {'ok': False, 'error': 'no_intent'}
2025-10-24 20:38:15.230 | ERROR    | assistant.telemetry.log:error:136 - {'ok': False, 'intent': 'app.open', 'slots': {'app': 'храм'}, 'confidence': 0.736842105263158, 'action': {'ok': False, 'error': 'app_not_found', 'value': 'храм', 'debug': {'strategy': None, 'tried': []}}}
2025-10-24 20:38:37.051 | ERROR    | assistant.telemetry.log:error:136 - {'ok': False, 'error': 'no_intent'}
2025-10-24 20:39:00.101 | ERROR    | assistant.telemetry.log:error:136 - {'ok': False, 'error': 'no_intent'}
2025-10-24 20:39:05.802 | ERROR    | assistant.telemetry.log:error:136 - {'ok': False, 'error': 'no_intent'}
2025-10-24 20:45:30.173 | ERROR    | assistant.telemetry.log:error:136 - {'ok': False, 'error': 'no_intent'}
2025-10-24 21:05:31.945 | ERROR    | assistant.telemetry.log:error:136 - {'ok': False, 'error': 'no_intent'}
2025-10-24 21:05:53.223 | ERROR    | assistant.telemetry.log:error:136 - {'ok': False, 'error': 'no_intent'}
2025-10-24 21:06:34.804 | ERROR    | assistant.telemetry.log:error:136 - {'ok': False, 'intent': 'note.add', 'slots': {}, 'confidence': 0.75, 'action': {'ok': False, 'error': 'no_plugin_for_intent', 'intent': 'note.add'}}
2025-10-24 21:06:40.037 | ERROR    | assistant.telemetry.log:error:136 - {'ok': False, 'error': 'no_intent'}
2025-10-24 21:06:46.155 | ERROR    | assistant.telemetry.log:error:136 - {'ok': False, 'error': 'no_intent'}
2025-10-24 21:07:23.999 | ERROR    | assistant.telemetry.log:error:136 - {'ok': False, 'intent': 'app.open', 'slots': {}, 'confidence': 0.5517241379310345, 'action': {'ok': False, 'error': 'missing_value'}}
2025-10-24 21:07:40.610 | ERROR    | assistant.telemetry.log:error:136 - {'ok': False, 'intent': 'note.add', 'slots': {}, 'confidence': 0.5, 'action': {'ok': False, 'error': 'no_plugin_for_intent', 'intent': 'note.add'}}
2025-10-24 21:07:50.695 | ERROR    | assistant.telemetry.log:error:136 - {'ok': False, 'error': 'no_intent'}
2025-10-24 21:07:53.573 | ERROR    | assistant.telemetry.log:error:136 - {'ok': False, 'error': 'no_intent'}
2025-10-24 21:07:58.636 | ERROR    | assistant.telemetry.log:error:136 - {'ok': False, 'error': 'no_intent'}
2025-10-24 21:09:01.441 | ERROR    | assistant.telemetry.log:error:136 - {'ok': False, 'error': 'no_intent'}
2025-10-24 21:09:04.325 | ERROR    | assistant.telemetry.log:error:136 - {'ok': False, 'error': 'no_intent'}
2025-10-24 21:17:41.602 | ERROR    | assistant.telemetry.log:error:136 - {'ok': False, 'intent': 'app.open', 'slots': {}, 'confidence': 0.5714285714285714, 'action': {'ok': False, 'error': 'missing_value'}}
2025-10-24 21:17:46.663 | ERROR    | assistant.telemetry.log:error:136 - {'ok': False, 'error': 'no_intent'}
2025-10-24 21:17:52.013 | ERROR    | assistant.telemetry.log:error:136 - {'ok': False, 'error': 'no_intent'}
2025-10-24 21:18:05.108 | ERROR    | assistant.telemetry.log:error:136 - {'ok': False, 'error': 'no_intent'}
2025-10-24 21:18:10.195 | ERROR    | assistant.telemetry.log:error:136 - {'ok': False, 'intent': 'note.add', 'slots': {}, 'confidence': 0.5, 'action': {'ok': False, 'error': 'no_plugin_for_intent', 'intent': 'note.add'}}
2025-10-24 21:18:19.359 | ERROR    | assistant.telemetry.log:error:136 - {'ok': False, 'error': 'no_intent'}
2025-10-24 21:18:20.719 | ERROR    | assistant.telemetry.log:error:136 - {'ok': False, 'error': 'no_intent'}
2025-10-24 21:18:36.599 | ERROR    | assistant.telemetry.log:error:136 - {'ok': False, 'error': 'no_intent'}
2025-10-24 21:19:16.259 | ERROR    | assistant.telemetry.log:error:136 - {'ok': False, 'error': 'no_intent'}
2025-10-24 21:19:52.266 | ERROR    | assistant.telemetry.log:error:136 - {'ok': False, 'error': 'no_intent'}
2025-10-24 21:19:57.954 | ERROR    | assistant.telemetry.log:error:136 - {'ok': False, 'error': 'no_intent'}
2025-10-24 21:20:34.405 | ERROR    | assistant.telemetry.log:error:136 - {'ok': False, 'error': 'no_intent'}
2025-10-24 21:20:40.207 | ERROR    | assistant.telemetry.log:error:136 - {'ok': False, 'error': 'no_intent'}
2025-10-24 21:20:42.366 | ERROR    | assistant.telemetry.log:error:136 - {'ok': False, 'error': 'no_intent'}
2025-10-24 21:20:53.343 | ERROR    | assistant.telemetry.log:error:136 - {'ok': False, 'error': 'no_intent'}
2025-10-24 21:21:08.805 | ERROR    | assistant.telemetry.log:error:136 - {'ok': False, 'error': 'no_intent'}
2025-10-24 21:49:14.901 | ERROR    | assistant.telemetry.log:error:136 - {'ok': False, 'intent': 'app.close', 'slots': {'app': 'Telegram'}, 'confidence': 0.6, 'action': {'ok': False, 'error': 'no_plugin_for_intent', 'intent': 'app.close'}}
2025-10-24 21:54:40.733 | ERROR    | assistant.telemetry.log:error:136 - {'ok': False, 'intent': 'app.close', 'slots': {'app': 'Telegram'}, 'confidence': 0.6, 'action': {'ok': False, 'error': 'no_plugin_for_intent', 'intent': 'app.close'}}
2025-10-24 21:59:33.942 | ERROR    | assistant.telemetry.log:error:136 - {'ok': False, 'intent': 'app.close', 'slots': {'app': 'Telegram'}, 'confidence': 0.6, 'action': {'ok': False, 'error': 'no_plugin_for_intent', 'intent': 'app.close'}}
2025-10-24 21:59:48.355 | ERROR    | assistant.telemetry.log:error:136 - {'ok': False, 'intent': 'app.close', 'slots': {'app': 'Telegram'}, 'confidence': 0.6, 'action': {'ok': False, 'intent': 'app.close', 'value': 'Telegram', 'matched_pids': [], 'terminated': [], 'killed': [], 'still_alive': [], 'used_window_close': False, 'scanned': 253}}
2025-10-27 14:19:24.831 | ERROR    | assistant.telemetry.log:error:136 - {'ok': False, 'intent': 'app.open', 'slots': {'app': 'храм'}, 'confidence': 0.736842105263158, 'action': {'ok': False, 'error': 'app_not_found', 'value': 'храм', 'debug': {'strategy': None, 'tried': []}}}
2025-11-01 17:20:32.293 | ERROR    | assistant.telemetry.log:exception:137 - Unknown STT engine: vosk-uk-v3. Available: []
Traceback (most recent call last):

  File "/home/devlad/PISUN/SayGex/Utils for my pc/jarvis/.venv/bin/va-cli", line 10, in <module>
    sys.exit(run_cli())
    │   │    └ <function run_cli at 0x7f3f751fa660>
    │   └ <built-in function exit>
    └ <module 'sys' (built-in)>

> File "/home/devlad/PISUN/SayGex/Utils for my pc/jarvis/assistant/cli/main.py", line 97, in run_cli
    plugins = resolver.resolve_all()
              │        └ <function ConfigResolver.resolve_all at 0x7f3f75180e00>
              └ <assistant.config.resolver.ConfigResolver object at 0x7f3f7520c050>

  File "/home/devlad/PISUN/SayGex/Utils for my pc/jarvis/assistant/config/resolver.py", line 46, in resolve_all
    stt_instance = self._resolve_stt()
                   │    └ <function ConfigResolver._resolve_stt at 0x7f3f75180cc0>
                   └ <assistant.config.resolver.ConfigResolver object at 0x7f3f7520c050>

  File "/home/devlad/PISUN/SayGex/Utils for my pc/jarvis/assistant/config/resolver.py", line 31, in _resolve_stt
    return stt_create(name, **options)
           │          │       └ {'model_path': 'assistant/audio/models/vosk-model-uk-v3', 'sample_rate': 16000}
           │          └ 'vosk-uk-v3'
           └ <function create at 0x7f3f75167740>

  File "/home/devlad/PISUN/SayGex/Utils for my pc/jarvis/assistant/audio/stt/registry.py", line 16, in create
    raise ValueError(f"Unknown STT engine: {name}. Available: {list(_registry)}")
                                            │                       └ {}
                                            └ 'vosk-uk-v3'

ValueError: Unknown STT engine: vosk-uk-v3. Available: []
2025-11-01 17:26:30.122 | ERROR    | assistant.telemetry.log:exception:137 - Unknown STT engine: vosk-uk-v3. Available: []
Traceback (most recent call last):

  File "/home/devlad/PISUN/SayGex/Utils for my pc/jarvis/.venv/bin/va-cli", line 10, in <module>
    sys.exit(run_cli())
    │   │    └ <function run_cli at 0x7f96037e2520>
    │   └ <built-in function exit>
    └ <module 'sys' (built-in)>

> File "/home/devlad/PISUN/SayGex/Utils for my pc/jarvis/assistant/cli/main.py", line 97, in run_cli
    plugins = resolver.resolve_all()
              │        └ <function ConfigResolver.resolve_all at 0x7f960376ccc0>
              └ <assistant.config.resolver.ConfigResolver object at 0x7f96037f8050>

  File "/home/devlad/PISUN/SayGex/Utils for my pc/jarvis/assistant/config/resolver.py", line 46, in resolve_all
    stt_instance = self._resolve_stt()
                   │    └ <function ConfigResolver._resolve_stt at 0x7f960376cb80>
                   └ <assistant.config.resolver.ConfigResolver object at 0x7f96037f8050>

  File "/home/devlad/PISUN/SayGex/Utils for my pc/jarvis/assistant/config/resolver.py", line 31, in _resolve_stt
    return stt_create(name, **options)
           │          │       └ {'model_path': 'assistant/audio/models/vosk-model-uk-v3', 'sample_rate': 16000}
           │          └ 'vosk-uk-v3'
           └ <function create at 0x7f960375b600>

  File "/home/devlad/PISUN/SayGex/Utils for my pc/jarvis/assistant/audio/stt/registry.py", line 16, in create
    raise ValueError(f"Unknown STT engine: {name}. Available: {list(_registry)}")
                                            │                       └ {}
                                            └ 'vosk-uk-v3'

ValueError: Unknown STT engine: vosk-uk-v3. Available: []
2025-11-01 17:28:27.109 | ERROR    | assistant.telemetry.log:exception:137 - Unknown STT engine: vosk-uk-v3. Available: []
Traceback (most recent call last):

  File "/home/devlad/PISUN/SayGex/Utils for my pc/jarvis/.venv/bin/va-cli", line 10, in <module>
    sys.exit(run_cli())
    │   │    └ <function run_cli at 0x7f8a95df6700>
    │   └ <built-in function exit>
    └ <module 'sys' (built-in)>

> File "/home/devlad/PISUN/SayGex/Utils for my pc/jarvis/assistant/cli/main.py", line 97, in run_cli
    plugins = resolver.resolve_all()
              │        └ <function ConfigResolver.resolve_all at 0x7f8a95d84ea0>
              └ <assistant.config.resolver.ConfigResolver object at 0x7f8a95e0c050>

  File "/home/devlad/PISUN/SayGex/Utils for my pc/jarvis/assistant/config/resolver.py", line 47, in resolve_all
    stt_instance = self._resolve_stt()
                   │    └ <function ConfigResolver._resolve_stt at 0x7f8a95d84d60>
                   └ <assistant.config.resolver.ConfigResolver object at 0x7f8a95e0c050>

  File "/home/devlad/PISUN/SayGex/Utils for my pc/jarvis/assistant/config/resolver.py", line 32, in _resolve_stt
    return stt_create(name, **options)
           │          │       └ {'model_path': 'assistant/audio/models/vosk-model-uk-v3', 'sample_rate': 16000}
           │          └ 'vosk-uk-v3'
           └ <function create at 0x7f8a95d6f740>

  File "/home/devlad/PISUN/SayGex/Utils for my pc/jarvis/assistant/audio/stt/registry.py", line 16, in create
    raise ValueError(f"Unknown STT engine: {name}. Available: {list(_registry)}")
                                            │                       └ {}
                                            └ 'vosk-uk-v3'

ValueError: Unknown STT engine: vosk-uk-v3. Available: []
2025-11-01 18:44:13.156 | ERROR    | assistant.telemetry.log:exception:137 - Unknown STT engine: vosk_uk_v3. Available: []
Traceback (most recent call last):

  File "/home/devlad/PISUN/SayGex/Utils for my pc/jarvis/.venv/bin/va-cli", line 10, in <module>
    sys.exit(run_cli())
    │   │    └ <function run_cli at 0x7f3e9b3fa7a0>
    │   └ <built-in function exit>
    └ <module 'sys' (built-in)>

> File "/home/devlad/PISUN/SayGex/Utils for my pc/jarvis/assistant/cli/main.py", line 97, in run_cli
    plugins = resolver.resolve_all()
              │        └ <function ConfigResolver.resolve_all at 0x7f3e9b380f40>
              └ <assistant.config.resolver.ConfigResolver object at 0x7f3e9b40c050>

  File "/home/devlad/PISUN/SayGex/Utils for my pc/jarvis/assistant/config/resolver.py", line 46, in resolve_all
    stt_instance = self._resolve_stt()
                   │    └ <function ConfigResolver._resolve_stt at 0x7f3e9b380e00>
                   └ <assistant.config.resolver.ConfigResolver object at 0x7f3e9b40c050>

  File "/home/devlad/PISUN/SayGex/Utils for my pc/jarvis/assistant/config/resolver.py", line 31, in _resolve_stt
    return stt_create(name, **options)
           │          │       └ {'model_path': 'assistant/audio/models/vosk-model-uk-v3', 'sample_rate': 16000}
           │          └ 'vosk_uk_v3'
           └ <function create at 0x7f3e9b3677e0>

  File "/home/devlad/PISUN/SayGex/Utils for my pc/jarvis/assistant/audio/stt/registry.py", line 16, in create
    raise ValueError(f"Unknown STT engine: {name}. Available: {list(_registry)}")
                                            │                       └ {}
                                            └ 'vosk_uk_v3'

ValueError: Unknown STT engine: vosk_uk_v3. Available: []
2025-11-04 12:33:10.277 | ERROR    | logging:callHandlers:1737 - Form data requires "python-multipart" to be installed. 
You can install "python-multipart" with: 

pip install python-multipart

2025-11-05 23:13:29.582 | ERROR    | assistant.telemetry.log:exception:137 - Config file not found: jarvis/assistant/config/config.yaml
Traceback (most recent call last):

  File "/home/devlad/PISUN/SayGex/Utils for my pc/jarvis/.venv/bin/va-cli", line 10, in <module>
    sys.exit(main())
    │   │    └ <function main at 0x7f891c193920>
    │   └ <built-in function exit>
    └ <module 'sys' (built-in)>
  File "/home/devlad/PISUN/SayGex/Utils for my pc/jarvis/.venv/lib/python3.13/site-packages/assistant/main.py", line 70, in main
    asyncio.run(run_listen(args))
    │       │   │          └ Namespace(cmd='listen', config='jarvis/assistant/config/config.yaml', plugins_dir='configs/plugins.d/voice', url='http://127....
    │       │   └ <function run_listen at 0x7f891c1939c0>
    │       └ <function run at 0x7f893bd898a0>
    └ <module 'asyncio' from '/usr/lib/python3.13/asyncio/__init__.py'>
  File "/usr/lib/python3.13/asyncio/runners.py", line 195, in run
    return runner.run(main)
           │      │   └ <coroutine object run_listen at 0x7f891c23fdc0>
           │      └ <function Runner.run at 0x7f893b3efec0>
           └ <asyncio.runners.Runner object at 0x7f891c13aa50>
  File "/usr/lib/python3.13/asyncio/runners.py", line 118, in run
    return self._loop.run_until_complete(task)
           │    │     │                  └ <Task pending name='Task-1' coro=<run_listen() running at /home/devlad/PISUN/SayGex/Utils for my pc/jarvis/.venv/lib/python3....
           │    │     └ <function BaseEventLoop.run_until_complete at 0x7f893b3eda80>
           │    └ <_UnixSelectorEventLoop running=True closed=False debug=False>
           └ <asyncio.runners.Runner object at 0x7f891c13aa50>
  File "/usr/lib/python3.13/asyncio/base_events.py", line 712, in run_until_complete
    self.run_forever()
    │    └ <function BaseEventLoop.run_forever at 0x7f893b3ed9e0>
    └ <_UnixSelectorEventLoop running=True closed=False debug=False>
  File "/usr/lib/python3.13/asyncio/base_events.py", line 683, in run_forever
    self._run_once()
    │    └ <function BaseEventLoop._run_once at 0x7f893b3ef7e0>
    └ <_UnixSelectorEventLoop running=True closed=False debug=False>
  File "/usr/lib/python3.13/asyncio/base_events.py", line 2050, in _run_once
    handle._run()
    │      └ <function Handle._run at 0x7f893b32a8e0>
    └ <Handle <_asyncio.TaskStepMethWrapper object at 0x7f891f9b1cf0>()>
  File "/usr/lib/python3.13/asyncio/events.py", line 89, in _run
    self._context.run(self._callback, *self._args)
    │    │            │    │           │    └ <member '_args' of 'Handle' objects>
    │    │            │    │           └ <Handle <_asyncio.TaskStepMethWrapper object at 0x7f891f9b1cf0>()>
    │    │            │    └ <member '_callback' of 'Handle' objects>
    │    │            └ <Handle <_asyncio.TaskStepMethWrapper object at 0x7f891f9b1cf0>()>
    │    └ <member '_context' of 'Handle' objects>
    └ <Handle <_asyncio.TaskStepMethWrapper object at 0x7f891f9b1cf0>()>
> File "/home/devlad/PISUN/SayGex/Utils for my pc/jarvis/.venv/lib/python3.13/site-packages/assistant/main.py", line 102, in run_listen
    plugins = resolver.resolve_all()
              │        └ <function ConfigResolver.resolve_all at 0x7f891c193060>
              └ <assistant.config.resolver.ConfigResolver object at 0x7f891c1cc980>
  File "/home/devlad/PISUN/SayGex/Utils for my pc/jarvis/.venv/lib/python3.13/site-packages/assistant/config/resolver.py", line 45, in resolve_all
    self.load()
    │    └ <function ConfigResolver.load at 0x7f891c192e80>
    └ <assistant.config.resolver.ConfigResolver object at 0x7f891c1cc980>
  File "/home/devlad/PISUN/SayGex/Utils for my pc/jarvis/.venv/lib/python3.13/site-packages/assistant/config/resolver.py", line 19, in load
    raise FileNotFoundError(f"Config file not found: {self.config_path}")
                                                      │    └ PosixPath('jarvis/assistant/config/config.yaml')
                                                      └ <assistant.config.resolver.ConfigResolver object at 0x7f891c1cc980>

FileNotFoundError: Config file not found: jarvis/assistant/config/config.yaml
2025-11-05 23:14:50.708 | ERROR    | assistant.telemetry.log:exception:137 - Config file not found: jarvis/assistant/config/config.yaml
Traceback (most recent call last):

  File "/home/devlad/PISUN/SayGex/Utils for my pc/jarvis/.venv/bin/va-cli", line 10, in <module>
    sys.exit(main())
    │   │    └ <function main at 0x7fe93018f920>
    │   └ <built-in function exit>
    └ <module 'sys' (built-in)>
  File "/home/devlad/PISUN/SayGex/Utils for my pc/jarvis/.venv/lib/python3.13/site-packages/assistant/main.py", line 70, in main
    asyncio.run(run_listen(args))
    │       │   │          └ Namespace(cmd='listen', config='jarvis/assistant/config/config.yaml', plugins_dir='configs/plugins.d/voice', url='http://127....
    │       │   └ <function run_listen at 0x7fe93018f9c0>
    │       └ <function run at 0x7fe9502898a0>
    └ <module 'asyncio' from '/usr/lib/python3.13/asyncio/__init__.py'>
  File "/usr/lib/python3.13/asyncio/runners.py", line 195, in run
    return runner.run(main)
           │      │   └ <coroutine object run_listen at 0x7fe93023bdc0>
           │      └ <function Runner.run at 0x7fe94f8ebec0>
           └ <asyncio.runners.Runner object at 0x7fe930136a50>
  File "/usr/lib/python3.13/asyncio/runners.py", line 118, in run
    return self._loop.run_until_complete(task)
           │    │     │                  └ <Task pending name='Task-1' coro=<run_listen() running at /home/devlad/PISUN/SayGex/Utils for my pc/jarvis/.venv/lib/python3....
           │    │     └ <function BaseEventLoop.run_until_complete at 0x7fe94f8e9a80>
           │    └ <_UnixSelectorEventLoop running=True closed=False debug=False>
           └ <asyncio.runners.Runner object at 0x7fe930136a50>
  File "/usr/lib/python3.13/asyncio/base_events.py", line 712, in run_until_complete
    self.run_forever()
    │    └ <function BaseEventLoop.run_forever at 0x7fe94f8e99e0>
    └ <_UnixSelectorEventLoop running=True closed=False debug=False>
  File "/usr/lib/python3.13/asyncio/base_events.py", line 683, in run_forever
    self._run_once()
    │    └ <function BaseEventLoop._run_once at 0x7fe94f8eb7e0>
    └ <_UnixSelectorEventLoop running=True closed=False debug=False>
  File "/usr/lib/python3.13/asyncio/base_events.py", line 2050, in _run_once
    handle._run()
    │      └ <function Handle._run at 0x7fe94f8268e0>
    └ <Handle <_asyncio.TaskStepMethWrapper object at 0x7fe930236f20>()>
  File "/usr/lib/python3.13/asyncio/events.py", line 89, in _run
    self._context.run(self._callback, *self._args)
    │    │            │    │           │    └ <member '_args' of 'Handle' objects>
    │    │            │    │           └ <Handle <_asyncio.TaskStepMethWrapper object at 0x7fe930236f20>()>
    │    │            │    └ <member '_callback' of 'Handle' objects>
    │    │            └ <Handle <_asyncio.TaskStepMethWrapper object at 0x7fe930236f20>()>
    │    └ <member '_context' of 'Handle' objects>
    └ <Handle <_asyncio.TaskStepMethWrapper object at 0x7fe930236f20>()>
> File "/home/devlad/PISUN/SayGex/Utils for my pc/jarvis/.venv/lib/python3.13/site-packages/assistant/main.py", line 102, in run_listen
    plugins = resolver.resolve_all()
              │        └ <function ConfigResolver.resolve_all at 0x7fe93018f060>
              └ <assistant.config.resolver.ConfigResolver object at 0x7fe9301c8980>
  File "/home/devlad/PISUN/SayGex/Utils for my pc/jarvis/.venv/lib/python3.13/site-packages/assistant/config/resolver.py", line 45, in resolve_all
    self.load()
    │    └ <function ConfigResolver.load at 0x7fe93018ee80>
    └ <assistant.config.resolver.ConfigResolver object at 0x7fe9301c8980>
  File "/home/devlad/PISUN/SayGex/Utils for my pc/jarvis/.venv/lib/python3.13/site-packages/assistant/config/resolver.py", line 19, in load
    raise FileNotFoundError(f"Config file not found: {self.config_path}")
                                                      │    └ PosixPath('jarvis/assistant/config/config.yaml')
                                                      └ <assistant.config.resolver.ConfigResolver object at 0x7fe9301c8980>

FileNotFoundError: Config file not found: jarvis/assistant/config/config.yaml
2025-11-05 23:15:53.752 | ERROR    | assistant.telemetry.log:exception:137 - Config file not found: jarvis/assistant/config/config.yaml
Traceback (most recent call last):

  File "/home/devlad/PISUN/SayGex/Utils for my pc/jarvis/.venv/bin/va-cli", line 10, in <module>
    sys.exit(main())
    │   │    └ <function main at 0x7ff904f9b920>
    │   └ <built-in function exit>
    └ <module 'sys' (built-in)>
  File "/home/devlad/PISUN/SayGex/Utils for my pc/jarvis/.venv/lib/python3.13/site-packages/assistant/main.py", line 70, in main
    asyncio.run(run_listen(args))
    │       │   │          └ Namespace(cmd='listen', config='jarvis/assistant/config/config.yaml', plugins_dir='configs/plugins.d/voice', url='http://127....
    │       │   └ <function run_listen at 0x7ff904f9b9c0>
    │       └ <function run at 0x7ff9250898a0>
    └ <module 'asyncio' from '/usr/lib/python3.13/asyncio/__init__.py'>
  File "/usr/lib/python3.13/asyncio/runners.py", line 195, in run
    return runner.run(main)
           │      │   └ <coroutine object run_listen at 0x7ff905547dc0>
           │      └ <function Runner.run at 0x7ff924687ec0>
           └ <asyncio.runners.Runner object at 0x7ff904f42a50>
  File "/usr/lib/python3.13/asyncio/runners.py", line 118, in run
    return self._loop.run_until_complete(task)
           │    │     │                  └ <Task pending name='Task-1' coro=<run_listen() running at /home/devlad/PISUN/SayGex/Utils for my pc/jarvis/.venv/lib/python3....
           │    │     └ <function BaseEventLoop.run_until_complete at 0x7ff924685a80>
           │    └ <_UnixSelectorEventLoop running=True closed=False debug=False>
           └ <asyncio.runners.Runner object at 0x7ff904f42a50>
  File "/usr/lib/python3.13/asyncio/base_events.py", line 712, in run_until_complete
    self.run_forever()
    │    └ <function BaseEventLoop.run_forever at 0x7ff9246859e0>
    └ <_UnixSelectorEventLoop running=True closed=False debug=False>
  File "/usr/lib/python3.13/asyncio/base_events.py", line 683, in run_forever
    self._run_once()
    │    └ <function BaseEventLoop._run_once at 0x7ff9246877e0>
    └ <_UnixSelectorEventLoop running=True closed=False debug=False>
  File "/usr/lib/python3.13/asyncio/base_events.py", line 2050, in _run_once
    handle._run()
    │      └ <function Handle._run at 0x7ff9245c28e0>
    └ <Handle <_asyncio.TaskStepMethWrapper object at 0x7ff908735930>()>
  File "/usr/lib/python3.13/asyncio/events.py", line 89, in _run
    self._context.run(self._callback, *self._args)
    │    │            │    │           │    └ <member '_args' of 'Handle' objects>
    │    │            │    │           └ <Handle <_asyncio.TaskStepMethWrapper object at 0x7ff908735930>()>
    │    │            │    └ <member '_callback' of 'Handle' objects>
    │    │            └ <Handle <_asyncio.TaskStepMethWrapper object at 0x7ff908735930>()>
    │    └ <member '_context' of 'Handle' objects>
    └ <Handle <_asyncio.TaskStepMethWrapper object at 0x7ff908735930>()>
> File "/home/devlad/PISUN/SayGex/Utils for my pc/jarvis/.venv/lib/python3.13/site-packages/assistant/main.py", line 102, in run_listen
    plugins = resolver.resolve_all()
              │        └ <function ConfigResolver.resolve_all at 0x7ff904f9b060>
              └ <assistant.config.resolver.ConfigResolver object at 0x7ff904fd4980>
  File "/home/devlad/PISUN/SayGex/Utils for my pc/jarvis/.venv/lib/python3.13/site-packages/assistant/config/resolver.py", line 45, in resolve_all
    self.load()
    │    └ <function ConfigResolver.load at 0x7ff904f9ae80>
    └ <assistant.config.resolver.ConfigResolver object at 0x7ff904fd4980>
  File "/home/devlad/PISUN/SayGex/Utils for my pc/jarvis/.venv/lib/python3.13/site-packages/assistant/config/resolver.py", line 19, in load
    raise FileNotFoundError(f"Config file not found: {self.config_path}")
                                                      │    └ PosixPath('jarvis/assistant/config/config.yaml')
                                                      └ <assistant.config.resolver.ConfigResolver object at 0x7ff904fd4980>

FileNotFoundError: Config file not found: jarvis/assistant/config/config.yaml
2025-11-05 23:35:45.676 | ERROR    | assistant.telemetry.log:exception:137 - Config file not found: jarvis/assistant/config/config.yaml
Traceback (most recent call last):

  File "/home/devlad/PISUN/SayGex/Utils for my pc/jarvis/.venv/bin/va-cli", line 10, in <module>
    sys.exit(main())
    │   │    └ <function main at 0x7ffb300a3920>
    │   └ <built-in function exit>
    └ <module 'sys' (built-in)>
  File "/home/devlad/PISUN/SayGex/Utils for my pc/jarvis/.venv/lib/python3.13/site-packages/assistant/main.py", line 70, in main
    asyncio.run(run_listen(args))
    │       │   │          └ Namespace(cmd='listen', config='jarvis/assistant/config/config.yaml', plugins_dir='configs/plugins.d/voice', url='http://127....
    │       │   └ <function run_listen at 0x7ffb300a39c0>
    │       └ <function run at 0x7ffb4fb898a0>
    └ <module 'asyncio' from '/usr/lib/python3.13/asyncio/__init__.py'>
  File "/usr/lib/python3.13/asyncio/runners.py", line 195, in run
    return runner.run(main)
           │      │   └ <coroutine object run_listen at 0x7ffb3014fdc0>
           │      └ <function Runner.run at 0x7ffb4f18bec0>
           └ <asyncio.runners.Runner object at 0x7ffb3004aa50>
  File "/usr/lib/python3.13/asyncio/runners.py", line 118, in run
    return self._loop.run_until_complete(task)
           │    │     │                  └ <Task pending name='Task-1' coro=<run_listen() running at /home/devlad/PISUN/SayGex/Utils for my pc/jarvis/.venv/lib/python3....
           │    │     └ <function BaseEventLoop.run_until_complete at 0x7ffb4f189a80>
           │    └ <_UnixSelectorEventLoop running=True closed=False debug=False>
           └ <asyncio.runners.Runner object at 0x7ffb3004aa50>
  File "/usr/lib/python3.13/asyncio/base_events.py", line 712, in run_until_complete
    self.run_forever()
    │    └ <function BaseEventLoop.run_forever at 0x7ffb4f1899e0>
    └ <_UnixSelectorEventLoop running=True closed=False debug=False>
  File "/usr/lib/python3.13/asyncio/base_events.py", line 683, in run_forever
    self._run_once()
    │    └ <function BaseEventLoop._run_once at 0x7ffb4f18b7e0>
    └ <_UnixSelectorEventLoop running=True closed=False debug=False>
  File "/usr/lib/python3.13/asyncio/base_events.py", line 2050, in _run_once
    handle._run()
    │      └ <function Handle._run at 0x7ffb4f0c68e0>
    └ <Handle <_asyncio.TaskStepMethWrapper object at 0x7ffb3394f970>()>
  File "/usr/lib/python3.13/asyncio/events.py", line 89, in _run
    self._context.run(self._callback, *self._args)
    │    │            │    │           │    └ <member '_args' of 'Handle' objects>
    │    │            │    │           └ <Handle <_asyncio.TaskStepMethWrapper object at 0x7ffb3394f970>()>
    │    │            │    └ <member '_callback' of 'Handle' objects>
    │    │            └ <Handle <_asyncio.TaskStepMethWrapper object at 0x7ffb3394f970>()>
    │    └ <member '_context' of 'Handle' objects>
    └ <Handle <_asyncio.TaskStepMethWrapper object at 0x7ffb3394f970>()>
> File "/home/devlad/PISUN/SayGex/Utils for my pc/jarvis/.venv/lib/python3.13/site-packages/assistant/main.py", line 102, in run_listen
    plugins = resolver.resolve_all()
              │        └ <function ConfigResolver.resolve_all at 0x7ffb300a3060>
              └ <assistant.config.resolver.ConfigResolver object at 0x7ffb300dc980>
  File "/home/devlad/PISUN/SayGex/Utils for my pc/jarvis/.venv/lib/python3.13/site-packages/assistant/config/resolver.py", line 45, in resolve_all
    self.load()
    │    └ <function ConfigResolver.load at 0x7ffb300a2e80>
    └ <assistant.config.resolver.ConfigResolver object at 0x7ffb300dc980>
  File "/home/devlad/PISUN/SayGex/Utils for my pc/jarvis/.venv/lib/python3.13/site-packages/assistant/config/resolver.py", line 19, in load
    raise FileNotFoundError(f"Config file not found: {self.config_path}")
                                                      │    └ PosixPath('jarvis/assistant/config/config.yaml')
                                                      └ <assistant.config.resolver.ConfigResolver object at 0x7ffb300dc980>

FileNotFoundError: Config file not found: jarvis/assistant/config/config.yaml
2025-11-05 23:39:28.357 | ERROR    | assistant.telemetry.log:exception:137 - Config file not found: config/config.yaml
Traceback (most recent call last):

  File "/home/devlad/PISUN/SayGex/Utils for my pc/jarvis/.venv/bin/va-cli", line 10, in <module>
    sys.exit(main())
    │   │    └ <function main at 0x7f5fd218f920>
    │   └ <built-in function exit>
    └ <module 'sys' (built-in)>
  File "/home/devlad/PISUN/SayGex/Utils for my pc/jarvis/.venv/lib/python3.13/site-packages/assistant/main.py", line 70, in main
    asyncio.run(run_listen(args))
    │       │   │          └ Namespace(cmd='listen', config='config/config.yaml', plugins_dir='configs/plugins.d/voice', url='http://127.0.0.1:8000', list...
    │       │   └ <function run_listen at 0x7f5fd218f9c0>
    │       └ <function run at 0x7f600b3ae020>
    └ <module 'asyncio' from '/usr/lib/python3.13/asyncio/__init__.py'>
  File "/usr/lib/python3.13/asyncio/runners.py", line 195, in run
    return runner.run(main)
           │      │   └ <coroutine object run_listen at 0x7f5fe5d3fdc0>
           │      └ <function Runner.run at 0x7f600a9efec0>
           └ <asyncio.runners.Runner object at 0x7f5fd2136a50>
  File "/usr/lib/python3.13/asyncio/runners.py", line 118, in run
    return self._loop.run_until_complete(task)
           │    │     │                  └ <Task pending name='Task-1' coro=<run_listen() running at /home/devlad/PISUN/SayGex/Utils for my pc/jarvis/.venv/lib/python3....
           │    │     └ <function BaseEventLoop.run_until_complete at 0x7f600a9eda80>
           │    └ <_UnixSelectorEventLoop running=True closed=False debug=False>
           └ <asyncio.runners.Runner object at 0x7f5fd2136a50>
  File "/usr/lib/python3.13/asyncio/base_events.py", line 712, in run_until_complete
    self.run_forever()
    │    └ <function BaseEventLoop.run_forever at 0x7f600a9ed9e0>
    └ <_UnixSelectorEventLoop running=True closed=False debug=False>
  File "/usr/lib/python3.13/asyncio/base_events.py", line 683, in run_forever
    self._run_once()
    │    └ <function BaseEventLoop._run_once at 0x7f600a9ef7e0>
    └ <_UnixSelectorEventLoop running=True closed=False debug=False>
  File "/usr/lib/python3.13/asyncio/base_events.py", line 2050, in _run_once
    handle._run()
    │      └ <function Handle._run at 0x7f600a91a7a0>
    └ <Handle <_asyncio.TaskStepMethWrapper object at 0x7f5fe5d387f0>()>
  File "/usr/lib/python3.13/asyncio/events.py", line 89, in _run
    self._context.run(self._callback, *self._args)
    │    │            │    │           │    └ <member '_args' of 'Handle' objects>
    │    │            │    │           └ <Handle <_asyncio.TaskStepMethWrapper object at 0x7f5fe5d387f0>()>
    │    │            │    └ <member '_callback' of 'Handle' objects>
    │    │            └ <Handle <_asyncio.TaskStepMethWrapper object at 0x7f5fe5d387f0>()>
    │    └ <member '_context' of 'Handle' objects>
    └ <Handle <_asyncio.TaskStepMethWrapper object at 0x7f5fe5d387f0>()>
> File "/home/devlad/PISUN/SayGex/Utils for my pc/jarvis/.venv/lib/python3.13/site-packages/assistant/main.py", line 102, in run_listen
    plugins = resolver.resolve_all()
              │        └ <function ConfigResolver.resolve_all at 0x7f5fd218f060>
              └ <assistant.config.resolver.ConfigResolver object at 0x7f5fd21c8980>
  File "/home/devlad/PISUN/SayGex/Utils for my pc/jarvis/.venv/lib/python3.13/site-packages/assistant/config/resolver.py", line 45, in resolve_all
    self.load()
    │    └ <function ConfigResolver.load at 0x7f5fd218ee80>
    └ <assistant.config.resolver.ConfigResolver object at 0x7f5fd21c8980>
  File "/home/devlad/PISUN/SayGex/Utils for my pc/jarvis/.venv/lib/python3.13/site-packages/assistant/config/resolver.py", line 19, in load
    raise FileNotFoundError(f"Config file not found: {self.config_path}")
                                                      │    └ PosixPath('config/config.yaml')
                                                      └ <assistant.config.resolver.ConfigResolver object at 0x7f5fd21c8980>

FileNotFoundError: Config file not found: config/config.yaml
2025-11-05 23:49:40.750 | ERROR    | assistant.telemetry.log:exception:137 - Config file not found: config/config.yaml
Traceback (most recent call last):

  File "/home/devlad/PISUN/SayGex/Utils for my pc/jarvis/.venv/bin/va-cli", line 10, in <module>
    sys.exit(main())
    │   │    └ <function main at 0x7f9ae039f060>
    │   └ <built-in function exit>
    └ <module 'sys' (built-in)>

  File "/home/devlad/PISUN/SayGex/Utils for my pc/jarvis/assistant/main.py", line 70, in main
    asyncio.run(run_listen(args))
    │       │   │          └ Namespace(cmd='listen', config='config/config.yaml', plugins_dir='configs/plugins.d/voice', url='http://127.0.0.1:8000', list...
    │       │   └ <function run_listen at 0x7f9ae039f100>
    │       └ <function run at 0x7f9b0248d8a0>
    └ <module 'asyncio' from '/usr/lib/python3.13/asyncio/__init__.py'>

  File "/usr/lib/python3.13/asyncio/runners.py", line 195, in run
    return runner.run(main)
           │      │   └ <coroutine object run_listen at 0x7f9ae0447dc0>
           │      └ <function Runner.run at 0x7f9b01aebec0>
           └ <asyncio.runners.Runner object at 0x7f9ae0342a50>
  File "/usr/lib/python3.13/asyncio/runners.py", line 118, in run
    return self._loop.run_until_complete(task)
           │    │     │                  └ <Task pending name='Task-1' coro=<run_listen() running at /home/devlad/PISUN/SayGex/Utils for my pc/jarvis/assistant/main.py:...
           │    │     └ <function BaseEventLoop.run_until_complete at 0x7f9b01ae9a80>
           │    └ <_UnixSelectorEventLoop running=True closed=False debug=False>
           └ <asyncio.runners.Runner object at 0x7f9ae0342a50>
  File "/usr/lib/python3.13/asyncio/base_events.py", line 712, in run_until_complete
    self.run_forever()
    │    └ <function BaseEventLoop.run_forever at 0x7f9b01ae99e0>
    └ <_UnixSelectorEventLoop running=True closed=False debug=False>
  File "/usr/lib/python3.13/asyncio/base_events.py", line 683, in run_forever
    self._run_once()
    │    └ <function BaseEventLoop._run_once at 0x7f9b01aeb7e0>
    └ <_UnixSelectorEventLoop running=True closed=False debug=False>
  File "/usr/lib/python3.13/asyncio/base_events.py", line 2050, in _run_once
    handle._run()
    │      └ <function Handle._run at 0x7f9b01a268e0>
    └ <Handle <_asyncio.TaskStepMethWrapper object at 0x7f9ae040d870>()>
  File "/usr/lib/python3.13/asyncio/events.py", line 89, in _run
    self._context.run(self._callback, *self._args)
    │    │            │    │           │    └ <member '_args' of 'Handle' objects>
    │    │            │    │           └ <Handle <_asyncio.TaskStepMethWrapper object at 0x7f9ae040d870>()>
    │    │            │    └ <member '_callback' of 'Handle' objects>
    │    │            └ <Handle <_asyncio.TaskStepMethWrapper object at 0x7f9ae040d870>()>
    │    └ <member '_context' of 'Handle' objects>
    └ <Handle <_asyncio.TaskStepMethWrapper object at 0x7f9ae040d870>()>

> File "/home/devlad/PISUN/SayGex/Utils for my pc/jarvis/assistant/main.py", line 102, in run_listen
    plugins = resolver.resolve_all()
              │        └ <function ConfigResolver.resolve_all at 0x7f9ae039e8e0>
              └ <assistant.config.resolver.ConfigResolver object at 0x7f9ae03d8980>

  File "/home/devlad/PISUN/SayGex/Utils for my pc/jarvis/assistant/config/resolver.py", line 45, in resolve_all
    self.load()
    │    └ <function ConfigResolver.load at 0x7f9ae039e700>
    └ <assistant.config.resolver.ConfigResolver object at 0x7f9ae03d8980>

  File "/home/devlad/PISUN/SayGex/Utils for my pc/jarvis/assistant/config/resolver.py", line 19, in load
    raise FileNotFoundError(f"Config file not found: {self.config_path}")
                                                      │    └ PosixPath('config/config.yaml')
                                                      └ <assistant.config.resolver.ConfigResolver object at 0x7f9ae03d8980>

FileNotFoundError: Config file not found: config/config.yaml
2025-11-06 10:13:02.357 | ERROR    | assistant.telemetry.log:error:136 - ERR:
2025-11-06 10:13:16.089 | ERROR    | assistant.telemetry.log:error:136 - ERR:
2025-11-06 10:13:22.259 | ERROR    | assistant.telemetry.log:error:136 - ERR:
2025-11-06 10:13:41.295 | ERROR    | assistant.telemetry.log:error:136 - ERR:
2025-11-06 10:13:56.374 | ERROR    | assistant.telemetry.log:error:136 - ERR:
2025-11-06 10:14:36.729 | ERROR    | assistant.telemetry.log:error:136 - ERR:
2025-11-06 10:14:49.184 | ERROR    | assistant.telemetry.log:error:136 - ERR:
2025-11-06 10:14:50.959 | ERROR    | assistant.telemetry.log:error:136 - ERR:
2025-11-06 10:17:43.418 | ERROR    | assistant.telemetry.log:error:136 - ERR: None
2025-11-06 10:17:47.262 | ERROR    | assistant.telemetry.log:error:136 - ERR: None
2025-11-06 10:18:03.387 | ERROR    | assistant.telemetry.log:error:136 - ERR: no_intent
2025-11-06 10:43:03.631 | ERROR    | assistant.telemetry.log:exception:137 - Config file not found: jarvis/assistant/config/config.yaml
Traceback (most recent call last):

  File "/home/devlad/PISUN/SayGex/Utils for my pc/jarvis/.venv/bin/va-cli", line 10, in <module>
    sys.exit(main())
    │   │    └ <function main at 0x7fd66c197060>
    │   └ <built-in function exit>
    └ <module 'sys' (built-in)>

  File "/home/devlad/PISUN/SayGex/Utils for my pc/jarvis/assistant/main.py", line 70, in main
    asyncio.run(run_listen(args))
    │       │   │          └ Namespace(cmd='listen', config='jarvis/assistant/config/config.yaml', plugins_dir='configs/plugins.d/voice', url='http://127....
    │       │   └ <function run_listen at 0x7fd66c197100>
    │       └ <function run at 0x7fd68d98d8a0>
    └ <module 'asyncio' from '/usr/lib/python3.13/asyncio/__init__.py'>

  File "/usr/lib/python3.13/asyncio/runners.py", line 195, in run
    return runner.run(main)
           │      │   └ <coroutine object run_listen at 0x7fd66c543dc0>
           │      └ <function Runner.run at 0x7fd68cfefec0>
           └ <asyncio.runners.Runner object at 0x7fd66c13aa50>
  File "/usr/lib/python3.13/asyncio/runners.py", line 118, in run
    return self._loop.run_until_complete(task)
           │    │     │                  └ <Task pending name='Task-1' coro=<run_listen() running at /home/devlad/PISUN/SayGex/Utils for my pc/jarvis/assistant/main.py:...
           │    │     └ <function BaseEventLoop.run_until_complete at 0x7fd68cfeda80>
           │    └ <_UnixSelectorEventLoop running=True closed=False debug=False>
           └ <asyncio.runners.Runner object at 0x7fd66c13aa50>
  File "/usr/lib/python3.13/asyncio/base_events.py", line 712, in run_until_complete
    self.run_forever()
    │    └ <function BaseEventLoop.run_forever at 0x7fd68cfed9e0>
    └ <_UnixSelectorEventLoop running=True closed=False debug=False>
  File "/usr/lib/python3.13/asyncio/base_events.py", line 683, in run_forever
    self._run_once()
    │    └ <function BaseEventLoop._run_once at 0x7fd68cfef7e0>
    └ <_UnixSelectorEventLoop running=True closed=False debug=False>
  File "/usr/lib/python3.13/asyncio/base_events.py", line 2050, in _run_once
    handle._run()
    │      └ <function Handle._run at 0x7fd68cf2a8e0>
    └ <Handle <_asyncio.TaskStepMethWrapper object at 0x7fd67192f910>()>
  File "/usr/lib/python3.13/asyncio/events.py", line 89, in _run
    self._context.run(self._callback, *self._args)
    │    │            │    │           │    └ <member '_args' of 'Handle' objects>
    │    │            │    │           └ <Handle <_asyncio.TaskStepMethWrapper object at 0x7fd67192f910>()>
    │    │            │    └ <member '_callback' of 'Handle' objects>
    │    │            └ <Handle <_asyncio.TaskStepMethWrapper object at 0x7fd67192f910>()>
    │    └ <member '_context' of 'Handle' objects>
    └ <Handle <_asyncio.TaskStepMethWrapper object at 0x7fd67192f910>()>

> File "/home/devlad/PISUN/SayGex/Utils for my pc/jarvis/assistant/main.py", line 102, in run_listen
    plugins = resolver.resolve_all()
              │        └ <function ConfigResolver.resolve_all at 0x7fd66c1968e0>
              └ <assistant.config.resolver.ConfigResolver object at 0x7fd66c1d0980>

  File "/home/devlad/PISUN/SayGex/Utils for my pc/jarvis/assistant/config/resolver.py", line 45, in resolve_all
    self.load()
    │    └ <function ConfigResolver.load at 0x7fd66c196700>
    └ <assistant.config.resolver.ConfigResolver object at 0x7fd66c1d0980>

  File "/home/devlad/PISUN/SayGex/Utils for my pc/jarvis/assistant/config/resolver.py", line 19, in load
    raise FileNotFoundError(f"Config file not found: {self.config_path}")
                                                      │    └ PosixPath('jarvis/assistant/config/config.yaml')
                                                      └ <assistant.config.resolver.ConfigResolver object at 0x7fd66c1d0980>

FileNotFoundError: Config file not found: jarvis/assistant/config/config.yaml
2025-11-07 14:18:13.011 | ERROR    | assistant.telemetry.log:error:136 - ERR: no_intent
2025-11-07 14:19:43.067 | ERROR    | assistant.telemetry.log:error:136 - ERR: no_intent
