2025-11-01 17:20:32.293 | ERROR    | assistant.telemetry.log:exception:137 - Unknown STT engine: vosk-uk-v3. Available: []
Traceback (most recent call last):

  File "/home/devlad/PISUN/SayGex/Utils for my pc/jarvis/.venv/bin/va-cli", line 10, in <module>
    sys.exit(run_cli())
    │   │    └ <function run_cli at 0x7f3f751fa660>
    │   └ <built-in function exit>
    └ <module 'sys' (built-in)>

> File "/home/devlad/PISUN/SayGex/Utils for my pc/jarvis/assistant/cli/main.py", line 97, in run_cli
    plugins = resolver.resolve_all()
              │        └ <function ConfigResolver.resolve_all at 0x7f3f75180e00>
              └ <assistant.config.resolver.ConfigResolver object at 0x7f3f7520c050>

  File "/home/devlad/PISUN/SayGex/Utils for my pc/jarvis/assistant/config/resolver.py", line 46, in resolve_all
    stt_instance = self._resolve_stt()
                   │    └ <function ConfigResolver._resolve_stt at 0x7f3f75180cc0>
                   └ <assistant.config.resolver.ConfigResolver object at 0x7f3f7520c050>

  File "/home/devlad/PISUN/SayGex/Utils for my pc/jarvis/assistant/config/resolver.py", line 31, in _resolve_stt
    return stt_create(name, **options)
           │          │       └ {'model_path': 'assistant/audio/models/vosk-model-uk-v3', 'sample_rate': 16000}
           │          └ 'vosk-uk-v3'
           └ <function create at 0x7f3f75167740>

  File "/home/devlad/PISUN/SayGex/Utils for my pc/jarvis/assistant/audio/stt/registry.py", line 16, in create
    raise ValueError(f"Unknown STT engine: {name}. Available: {list(_registry)}")
                                            │                       └ {}
                                            └ 'vosk-uk-v3'

ValueError: Unknown STT engine: vosk-uk-v3. Available: []
2025-11-01 17:26:30.122 | ERROR    | assistant.telemetry.log:exception:137 - Unknown STT engine: vosk-uk-v3. Available: []
Traceback (most recent call last):

  File "/home/devlad/PISUN/SayGex/Utils for my pc/jarvis/.venv/bin/va-cli", line 10, in <module>
    sys.exit(run_cli())
    │   │    └ <function run_cli at 0x7f96037e2520>
    │   └ <built-in function exit>
    └ <module 'sys' (built-in)>

> File "/home/devlad/PISUN/SayGex/Utils for my pc/jarvis/assistant/cli/main.py", line 97, in run_cli
    plugins = resolver.resolve_all()
              │        └ <function ConfigResolver.resolve_all at 0x7f960376ccc0>
              └ <assistant.config.resolver.ConfigResolver object at 0x7f96037f8050>

  File "/home/devlad/PISUN/SayGex/Utils for my pc/jarvis/assistant/config/resolver.py", line 46, in resolve_all
    stt_instance = self._resolve_stt()
                   │    └ <function ConfigResolver._resolve_stt at 0x7f960376cb80>
                   └ <assistant.config.resolver.ConfigResolver object at 0x7f96037f8050>

  File "/home/devlad/PISUN/SayGex/Utils for my pc/jarvis/assistant/config/resolver.py", line 31, in _resolve_stt
    return stt_create(name, **options)
           │          │       └ {'model_path': 'assistant/audio/models/vosk-model-uk-v3', 'sample_rate': 16000}
           │          └ 'vosk-uk-v3'
           └ <function create at 0x7f960375b600>

  File "/home/devlad/PISUN/SayGex/Utils for my pc/jarvis/assistant/audio/stt/registry.py", line 16, in create
    raise ValueError(f"Unknown STT engine: {name}. Available: {list(_registry)}")
                                            │                       └ {}
                                            └ 'vosk-uk-v3'

ValueError: Unknown STT engine: vosk-uk-v3. Available: []
2025-11-01 17:28:27.109 | ERROR    | assistant.telemetry.log:exception:137 - Unknown STT engine: vosk-uk-v3. Available: []
Traceback (most recent call last):

  File "/home/devlad/PISUN/SayGex/Utils for my pc/jarvis/.venv/bin/va-cli", line 10, in <module>
    sys.exit(run_cli())
    │   │    └ <function run_cli at 0x7f8a95df6700>
    │   └ <built-in function exit>
    └ <module 'sys' (built-in)>

> File "/home/devlad/PISUN/SayGex/Utils for my pc/jarvis/assistant/cli/main.py", line 97, in run_cli
    plugins = resolver.resolve_all()
              │        └ <function ConfigResolver.resolve_all at 0x7f8a95d84ea0>
              └ <assistant.config.resolver.ConfigResolver object at 0x7f8a95e0c050>

  File "/home/devlad/PISUN/SayGex/Utils for my pc/jarvis/assistant/config/resolver.py", line 47, in resolve_all
    stt_instance = self._resolve_stt()
                   │    └ <function ConfigResolver._resolve_stt at 0x7f8a95d84d60>
                   └ <assistant.config.resolver.ConfigResolver object at 0x7f8a95e0c050>

  File "/home/devlad/PISUN/SayGex/Utils for my pc/jarvis/assistant/config/resolver.py", line 32, in _resolve_stt
    return stt_create(name, **options)
           │          │       └ {'model_path': 'assistant/audio/models/vosk-model-uk-v3', 'sample_rate': 16000}
           │          └ 'vosk-uk-v3'
           └ <function create at 0x7f8a95d6f740>

  File "/home/devlad/PISUN/SayGex/Utils for my pc/jarvis/assistant/audio/stt/registry.py", line 16, in create
    raise ValueError(f"Unknown STT engine: {name}. Available: {list(_registry)}")
                                            │                       └ {}
                                            └ 'vosk-uk-v3'

ValueError: Unknown STT engine: vosk-uk-v3. Available: []
2025-11-01 18:44:13.156 | ERROR    | assistant.telemetry.log:exception:137 - Unknown STT engine: vosk_uk_v3. Available: []
Traceback (most recent call last):

  File "/home/devlad/PISUN/SayGex/Utils for my pc/jarvis/.venv/bin/va-cli", line 10, in <module>
    sys.exit(run_cli())
    │   │    └ <function run_cli at 0x7f3e9b3fa7a0>
    │   └ <built-in function exit>
    └ <module 'sys' (built-in)>

> File "/home/devlad/PISUN/SayGex/Utils for my pc/jarvis/assistant/cli/main.py", line 97, in run_cli
    plugins = resolver.resolve_all()
              │        └ <function ConfigResolver.resolve_all at 0x7f3e9b380f40>
              └ <assistant.config.resolver.ConfigResolver object at 0x7f3e9b40c050>

  File "/home/devlad/PISUN/SayGex/Utils for my pc/jarvis/assistant/config/resolver.py", line 46, in resolve_all
    stt_instance = self._resolve_stt()
                   │    └ <function ConfigResolver._resolve_stt at 0x7f3e9b380e00>
                   └ <assistant.config.resolver.ConfigResolver object at 0x7f3e9b40c050>

  File "/home/devlad/PISUN/SayGex/Utils for my pc/jarvis/assistant/config/resolver.py", line 31, in _resolve_stt
    return stt_create(name, **options)
           │          │       └ {'model_path': 'assistant/audio/models/vosk-model-uk-v3', 'sample_rate': 16000}
           │          └ 'vosk_uk_v3'
           └ <function create at 0x7f3e9b3677e0>

  File "/home/devlad/PISUN/SayGex/Utils for my pc/jarvis/assistant/audio/stt/registry.py", line 16, in create
    raise ValueError(f"Unknown STT engine: {name}. Available: {list(_registry)}")
                                            │                       └ {}
                                            └ 'vosk_uk_v3'

ValueError: Unknown STT engine: vosk_uk_v3. Available: []
